2026-07-11 00:23:36 | INFO     | ============================================================
2026-07-11 00:23:36 | INFO     | 🏁 INICIANDO PIPELINE DE AUTOMATIZACIÓN - LABORAL AI
2026-07-11 00:23:36 | INFO     | 📅 Fecha: 2026-07-11 00:23:36
2026-07-11 00:23:36 | INFO     | ============================================================
2026-07-11 00:23:36 | INFO     | 📦 Cargando modelo base en español: es_core_news_md...
2026-07-11 00:23:36 | INFO     | ✅ AIExtractor inicializado. Etiquetas: ['REQUISITO', 'BENEFICIO', 'MODALIDAD', 'EMPRESA', 'UBICACION']
2026-07-11 00:23:36 | ERROR    | ❌ Error crítico de conexión a Google Sheets: No se encontró el archivo de credenciales en: credentials.json
2026-07-11 00:23:36 | WARNING  | ⚠️ No hay conexión activa a Sheets. Usando búsqueda por defecto: ['programador']
2026-07-11 00:23:36 | INFO     | ✅ BaseScraper inicializado
2026-07-11 00:23:36 | INFO     | ✅ ComputrabajoScraper inicializado con Paginación Dinámica
2026-07-11 00:23:36 | INFO     | ✅ BaseScraper inicializado
2026-07-11 00:23:36 | INFO     | ✅ LinkedInScraper inicializado
2026-07-11 00:23:36 | INFO     | 
🔎 BUSCANDO VACANTES PARA: PROGRAMADOR
2026-07-11 00:23:36 | INFO     | 
📌 PROCESANDO PORTAL: Computrabajo (PROGRAMADOR)
2026-07-11 00:23:36 | INFO     | ----------------------------------------
2026-07-11 00:23:36 | INFO     | 🌐 Configurando navegador Chrome...
2026-07-11 00:23:42 | INFO     | ✅ Navegador iniciado con éxito
2026-07-11 00:23:42 | INFO     | 🚀 Navegando a la URL inicial: https://pe.computrabajo.com/trabajo-de-programador-en-lima
2026-07-11 00:23:46 | INFO     | 📄 Página 1: Detectadas 20 ofertas potenciales.
2026-07-11 00:23:46 | DEBUG    | 📦 [1/3] Abriendo pestaña: https://pe.computrabajo.com/ofertas-de-t...
2026-07-11 00:23:47 | DEBUG    | 📦 [2/3] Abriendo pestaña: https://pe.computrabajo.com/ofertas-de-t...
2026-07-11 00:23:48 | DEBUG    | 📦 [3/3] Abriendo pestaña: https://pe.computrabajo.com/ofertas-de-t...
2026-07-11 00:23:49 | INFO     | 📌 Total acumulado finalizado: 3 ofertas
2026-07-11 00:23:49 | INFO     | 🧠 Computrabajo: Procesando 3 ofertas crudas...
2026-07-11 00:23:49 | INFO     |    🔄 [1/3] Procesando...
2026-07-11 00:23:49 | DEBUG    | 🔍 Extrayendo entidades del texto...
2026-07-11 00:23:49 | WARNING  | ⚠️ No se pueden guardar datos porque no hay una pestaña principal vinculada.
2026-07-11 00:23:49 | SUCCESS  |      ✅ Oferta indexada y guardada: Desarrollador Junior...
2026-07-11 00:23:49 | INFO     |    🔄 [2/3] Procesando...
2026-07-11 00:23:49 | DEBUG    | 🔍 Extrayendo entidades del texto...
2026-07-11 00:23:49 | WARNING  | ⚠️ No se pueden guardar datos porque no hay una pestaña principal vinculada.
2026-07-11 00:23:49 | SUCCESS  |      ✅ Oferta indexada y guardada: Analista desarrollador - Lima Sjm...
2026-07-11 00:23:49 | INFO     |    🔄 [3/3] Procesando...
2026-07-11 00:23:49 | DEBUG    | 🔍 Extrayendo entidades del texto...
2026-07-11 00:23:49 | WARNING  | ⚠️ No se pueden guardar datos porque no hay una pestaña principal vinculada.
2026-07-11 00:23:49 | SUCCESS  |      ✅ Oferta indexada y guardada: Desarrollador Junior - Patio Panorama Su...
2026-07-11 00:23:49 | INFO     | 
📌 PROCESANDO PORTAL: LinkedIn (PROGRAMADOR)
2026-07-11 00:23:49 | INFO     | ----------------------------------------
2026-07-11 00:23:49 | WARNING  | ⚠️ El scraper de LinkedIn está en modo simulación (Falta evadir login).
2026-07-11 00:23:49 | WARNING  | ⚠️ No se obtuvieron ofertas de LinkedIn para 'programador'
2026-07-11 00:23:49 | INFO     | 
🔒 Cerrando conexiones de navegadores de forma segura...
2026-07-11 00:23:52 | INFO     | 🔒 Navegador cerrado de forma segura
2026-07-11 00:23:52 | INFO     | 
============================================================
2026-07-11 00:23:52 | INFO     | 📊 RESUMEN DE EJECUCIÓN TOTAL
2026-07-11 00:23:52 | INFO     | ============================================================
2026-07-11 00:23:52 | INFO     |    📌 Total ofertas extraídas y guardadas: 3
2026-07-11 00:23:52 | INFO     |    📌 Puestos/Búsquedas dinámicas leídas: 1
2026-07-11 00:23:52 | INFO     |    ⏱️  Tiempo total: 16.24 segundos
2026-07-11 00:23:52 | INFO     |    💾 Base de datos unificada en Sheets: Simulación local
2026-07-11 00:23:52 | INFO     | 
📋 Resumen de las últimas ofertas procesadas:
2026-07-11 00:23:52 | INFO     |    - Desarrollador Junior (Computrabajo)
2026-07-11 00:23:52 | INFO     |    - Analista desarrollador - Lima Sjm (Computrabajo)
2026-07-11 00:23:52 | INFO     |    - Desarrollador Junior - Patio Panorama Surco (Computrabajo)
2026-07-11 00:23:52 | INFO     | ============================================================
2026-07-11 00:23:52 | INFO     | ✅ PIPELINE COMPLETADO EXITOSAMENTE
2026-07-11 00:23:52 | INFO     | ============================================================
2026-07-11 00:24:03 | INFO     | ============================================================
2026-07-11 00:24:03 | INFO     | 🏁 INICIANDO PIPELINE DE AUTOMATIZACIÓN - LABORAL AI
2026-07-11 00:24:03 | INFO     | 📅 Fecha: 2026-07-11 00:24:03
2026-07-11 00:24:03 | INFO     | ============================================================
2026-07-11 00:24:03 | INFO     | 📦 Cargando modelo base en español: es_core_news_md...
2026-07-11 00:24:04 | INFO     | ✅ AIExtractor inicializado. Etiquetas: ['REQUISITO', 'BENEFICIO', 'MODALIDAD', 'EMPRESA', 'UBICACION']
2026-07-11 00:24:04 | INFO     | 🔑 Conectando con API de Google Drive...
2026-07-11 00:24:06 | INFO     | ✅ Conectado a: 'Laboral_AI_Scraper_Data'
2026-07-11 00:24:06 | INFO     | 📋 Configuración leída de Sheets. Búsquedas activas detectadas: ['practicante']
2026-07-11 00:24:06 | INFO     | ✅ BaseScraper inicializado
2026-07-11 00:24:06 | INFO     | ✅ ComputrabajoScraper inicializado con Paginación Dinámica
2026-07-11 00:24:06 | INFO     | ✅ BaseScraper inicializado
2026-07-11 00:24:06 | INFO     | ✅ LinkedInScraper inicializado
2026-07-11 00:24:06 | INFO     | 
🔎 BUSCANDO VACANTES PARA: PRACTICANTE
2026-07-11 00:24:06 | INFO     | 
📌 PROCESANDO PORTAL: Computrabajo (PRACTICANTE)
2026-07-11 00:24:06 | INFO     | ----------------------------------------
2026-07-11 00:24:06 | INFO     | 🌐 Configurando navegador Chrome...
2026-07-11 00:24:07 | INFO     | ✅ Navegador iniciado con éxito
2026-07-11 00:24:07 | INFO     | 🚀 Navegando a la URL inicial: https://pe.computrabajo.com/trabajo-de-practicante-en-lima
2026-07-11 00:24:11 | INFO     | 📄 Página 1: Detectadas 20 ofertas potenciales.
2026-07-11 00:24:11 | DEBUG    | 📦 [1/3] Abriendo pestaña: https://pe.computrabajo.com/ofertas-de-t...
2026-07-11 00:24:13 | DEBUG    | 📦 [2/3] Abriendo pestaña: https://pe.computrabajo.com/ofertas-de-t...
2026-07-11 00:24:14 | DEBUG    | 📦 [3/3] Abriendo pestaña: https://pe.computrabajo.com/ofertas-de-t...
2026-07-11 00:24:15 | INFO     | 📌 Total acumulado finalizado: 3 ofertas
2026-07-11 00:24:15 | INFO     | 🧠 Computrabajo: Procesando 3 ofertas crudas...
2026-07-11 00:24:15 | INFO     |    🔄 [1/3] Procesando...
2026-07-11 00:24:15 | DEBUG    | 🔍 Extrayendo entidades del texto...
2026-07-11 00:24:16 | INFO     | 💾 Oferta guardada exitosamente en Sheets: Practicante profesional de Ser...
2026-07-11 00:24:16 | SUCCESS  |      ✅ Oferta indexada y guardada: Practicante profesional de Servicios gen...
2026-07-11 00:24:16 | INFO     |    🔄 [2/3] Procesando...
2026-07-11 00:24:16 | DEBUG    | 🔍 Extrayendo entidades del texto...
2026-07-11 00:24:17 | INFO     | 💾 Oferta guardada exitosamente en Sheets: Practicante Profesional de RRH...
2026-07-11 00:24:17 | SUCCESS  |      ✅ Oferta indexada y guardada: Practicante Profesional de RRHH...
2026-07-11 00:24:17 | INFO     |    🔄 [3/3] Procesando...
2026-07-11 00:24:17 | DEBUG    | 🔍 Extrayendo entidades del texto...
2026-07-11 00:24:17 | INFO     | 💾 Oferta guardada exitosamente en Sheets: Practicante profesional de fin...
2026-07-11 00:24:17 | SUCCESS  |      ✅ Oferta indexada y guardada: Practicante profesional de finanzas...
2026-07-11 00:24:17 | INFO     | 
📌 PROCESANDO PORTAL: LinkedIn (PRACTICANTE)
2026-07-11 00:24:17 | INFO     | ----------------------------------------
2026-07-11 00:24:17 | WARNING  | ⚠️ El scraper de LinkedIn está en modo simulación (Falta evadir login).
2026-07-11 00:24:17 | WARNING  | ⚠️ No se obtuvieron ofertas de LinkedIn para 'practicante'
2026-07-11 00:24:17 | INFO     | 
🔒 Cerrando conexiones de navegadores de forma segura...
2026-07-11 00:24:20 | INFO     | 🔒 Navegador cerrado de forma segura
2026-07-11 00:24:20 | INFO     | 
============================================================
2026-07-11 00:24:20 | INFO     | 📊 RESUMEN DE EJECUCIÓN TOTAL
2026-07-11 00:24:20 | INFO     | ============================================================
2026-07-11 00:24:20 | INFO     |    📌 Total ofertas extraídas y guardadas: 3
2026-07-11 00:24:20 | INFO     |    📌 Puestos/Búsquedas dinámicas leídas: 1
2026-07-11 00:24:20 | INFO     |    ⏱️  Tiempo total: 16.48 segundos
2026-07-11 00:24:20 | INFO     |    💾 Base de datos unificada en Sheets: Laboral_AI_Scraper_Data
2026-07-11 00:24:20 | INFO     | 
📋 Resumen de las últimas ofertas procesadas:
2026-07-11 00:24:20 | INFO     |    - Practicante profesional de Servicios generales y mantenimiento/ San Miguel (Computrabajo)
2026-07-11 00:24:20 | INFO     |    - Practicante Profesional de RRHH (Computrabajo)
2026-07-11 00:24:20 | INFO     |    - Practicante profesional de finanzas (Computrabajo)
2026-07-11 00:24:20 | INFO     | ============================================================
2026-07-11 00:24:20 | INFO     | ✅ PIPELINE COMPLETADO EXITOSAMENTE
2026-07-11 00:24:20 | INFO     | ============================================================
2026-07-11 00:25:21 | INFO     | ============================================================
2026-07-11 00:25:21 | INFO     | 🏁 INICIANDO PIPELINE DE AUTOMATIZACIÓN - LABORAL AI
2026-07-11 00:25:21 | INFO     | 📅 Fecha: 2026-07-11 00:25:21
2026-07-11 00:25:21 | INFO     | ============================================================
2026-07-11 00:25:21 | INFO     | 📦 Cargando modelo base en español: es_core_news_md...
2026-07-11 00:25:22 | INFO     | ✅ AIExtractor inicializado. Etiquetas: ['REQUISITO', 'BENEFICIO', 'MODALIDAD', 'EMPRESA', 'UBICACION']
2026-07-11 00:25:22 | INFO     | 🔑 Conectando con API de Google Drive...
2026-07-11 00:25:23 | INFO     | ✅ Conectado a: 'Laboral_AI_Scraper_Data'
2026-07-11 00:25:24 | INFO     | 📋 Configuración leída de Sheets. Búsquedas activas detectadas: ['practicante', 'data']
2026-07-11 00:25:24 | INFO     | ✅ BaseScraper inicializado
2026-07-11 00:25:24 | INFO     | ✅ ComputrabajoScraper inicializado con Paginación Dinámica
2026-07-11 00:25:24 | INFO     | ✅ BaseScraper inicializado
2026-07-11 00:25:24 | INFO     | ✅ LinkedInScraper inicializado
2026-07-11 00:25:24 | INFO     | 
🔎 BUSCANDO VACANTES PARA: PRACTICANTE
2026-07-11 00:25:24 | INFO     | 
📌 PROCESANDO PORTAL: Computrabajo (PRACTICANTE)
2026-07-11 00:25:24 | INFO     | ----------------------------------------
2026-07-11 00:25:24 | INFO     | 🌐 Configurando navegador Chrome...
2026-07-11 00:25:25 | INFO     | ✅ Navegador iniciado con éxito
2026-07-11 00:25:25 | INFO     | 🚀 Navegando a la URL inicial: https://pe.computrabajo.com/trabajo-de-practicante-en-lima
2026-07-11 00:25:29 | INFO     | 📄 Página 1: Detectadas 20 ofertas potenciales.
2026-07-11 00:25:29 | DEBUG    | 📦 [1/3] Abriendo pestaña: https://pe.computrabajo.com/ofertas-de-t...
2026-07-11 00:25:30 | DEBUG    | 📦 [2/3] Abriendo pestaña: https://pe.computrabajo.com/ofertas-de-t...
2026-07-11 00:25:31 | DEBUG    | 📦 [3/3] Abriendo pestaña: https://pe.computrabajo.com/ofertas-de-t...
2026-07-11 00:25:33 | INFO     | 📌 Total acumulado finalizado: 3 ofertas
2026-07-11 00:25:33 | INFO     | 🧠 Computrabajo: Procesando 3 ofertas crudas...
2026-07-11 00:25:33 | INFO     |    🔄 [1/3] Procesando...
2026-07-11 00:25:33 | DEBUG    | 🔍 Extrayendo entidades del texto...
2026-07-11 00:25:33 | INFO     | 💾 Oferta guardada exitosamente en Sheets: Practicante profesional de Ser...
2026-07-11 00:25:33 | SUCCESS  |      ✅ Oferta indexada y guardada: Practicante profesional de Servicios gen...
2026-07-11 00:25:33 | INFO     |    🔄 [2/3] Procesando...
2026-07-11 00:25:33 | DEBUG    | 🔍 Extrayendo entidades del texto...
2026-07-11 00:25:34 | INFO     | 💾 Oferta guardada exitosamente en Sheets: Practicante profesional de fin...
2026-07-11 00:25:34 | SUCCESS  |      ✅ Oferta indexada y guardada: Practicante profesional de finanzas...
2026-07-11 00:25:34 | INFO     |    🔄 [3/3] Procesando...
2026-07-11 00:25:34 | DEBUG    | 🔍 Extrayendo entidades del texto...
2026-07-11 00:25:35 | INFO     | 💾 Oferta guardada exitosamente en Sheets: Practicante de Recursos Humano...
2026-07-11 00:25:35 | SUCCESS  |      ✅ Oferta indexada y guardada: Practicante de Recursos Humanos / Los Ol...
2026-07-11 00:25:35 | INFO     | 
📌 PROCESANDO PORTAL: LinkedIn (PRACTICANTE)
2026-07-11 00:25:35 | INFO     | ----------------------------------------
2026-07-11 00:25:35 | WARNING  | ⚠️ El scraper de LinkedIn está en modo simulación (Falta evadir login).
2026-07-11 00:25:35 | WARNING  | ⚠️ No se obtuvieron ofertas de LinkedIn para 'practicante'
2026-07-11 00:25:35 | INFO     | 
🔎 BUSCANDO VACANTES PARA: DATA
2026-07-11 00:25:35 | INFO     | 
📌 PROCESANDO PORTAL: Computrabajo (DATA)
2026-07-11 00:25:35 | INFO     | ----------------------------------------
2026-07-11 00:25:35 | INFO     | 🚀 Navegando a la URL inicial: https://pe.computrabajo.com/trabajo-de-data-en-lima
2026-07-11 00:25:37 | INFO     | 📄 Página 1: Detectadas 20 ofertas potenciales.
2026-07-11 00:25:37 | DEBUG    | 📦 [1/3] Abriendo pestaña: https://pe.computrabajo.com/ofertas-de-t...
2026-07-11 00:25:38 | DEBUG    | 📦 [2/3] Abriendo pestaña: https://pe.computrabajo.com/ofertas-de-t...
2026-07-11 00:25:40 | DEBUG    | 📦 [3/3] Abriendo pestaña: https://pe.computrabajo.com/ofertas-de-t...
2026-07-11 00:25:41 | INFO     | 📌 Total acumulado finalizado: 3 ofertas
2026-07-11 00:25:41 | INFO     | 🧠 Computrabajo: Procesando 3 ofertas crudas...
2026-07-11 00:25:41 | INFO     |    🔄 [1/3] Procesando...
2026-07-11 00:25:41 | DEBUG    | 🔍 Extrayendo entidades del texto...
2026-07-11 00:25:42 | INFO     | 💾 Oferta guardada exitosamente en Sheets: Rustica / Asistente de economi...
2026-07-11 00:25:42 | SUCCESS  |      ✅ Oferta indexada y guardada: Rustica / Asistente de economia - Asiste...
2026-07-11 00:25:42 | INFO     |    🔄 [2/3] Procesando...
2026-07-11 00:25:42 | DEBUG    | 🔍 Extrayendo entidades del texto...
2026-07-11 00:25:43 | INFO     | 💾 Oferta guardada exitosamente en Sheets: Analista de Datos Supply Chain...
2026-07-11 00:25:43 | SUCCESS  |      ✅ Oferta indexada y guardada: Analista de Datos Supply Chain!...
2026-07-11 00:25:43 | INFO     |    🔄 [3/3] Procesando...
2026-07-11 00:25:43 | DEBUG    | 🔍 Extrayendo entidades del texto...
2026-07-11 00:25:44 | INFO     | 💾 Oferta guardada exitosamente en Sheets: Analista de Data e Inteligenci...
2026-07-11 00:25:44 | SUCCESS  |      ✅ Oferta indexada y guardada: Analista de Data e Inteligencia Comercia...
2026-07-11 00:25:44 | INFO     | 
📌 PROCESANDO PORTAL: LinkedIn (DATA)
2026-07-11 00:25:44 | INFO     | ----------------------------------------
2026-07-11 00:25:44 | WARNING  | ⚠️ El scraper de LinkedIn está en modo simulación (Falta evadir login).
2026-07-11 00:25:44 | WARNING  | ⚠️ No se obtuvieron ofertas de LinkedIn para 'data'
2026-07-11 00:25:44 | INFO     | 
🔒 Cerrando conexiones de navegadores de forma segura...
2026-07-11 00:25:46 | INFO     | 🔒 Navegador cerrado de forma segura
2026-07-11 00:25:46 | INFO     | 
============================================================
2026-07-11 00:25:46 | INFO     | 📊 RESUMEN DE EJECUCIÓN TOTAL
2026-07-11 00:25:46 | INFO     | ============================================================
2026-07-11 00:25:46 | INFO     |    📌 Total ofertas extraídas y guardadas: 6
2026-07-11 00:25:46 | INFO     |    📌 Puestos/Búsquedas dinámicas leídas: 2
2026-07-11 00:25:46 | INFO     |    ⏱️  Tiempo total: 25.14 segundos
2026-07-11 00:25:46 | INFO     |    💾 Base de datos unificada en Sheets: Laboral_AI_Scraper_Data
2026-07-11 00:25:46 | INFO     | 
📋 Resumen de las últimas ofertas procesadas:
2026-07-11 00:25:46 | INFO     |    - Rustica / Asistente de economia - Asistente de datos (Computrabajo)
2026-07-11 00:25:46 | INFO     |    - Analista de Datos Supply Chain! (Computrabajo)
2026-07-11 00:25:46 | INFO     |    - Analista de Data e Inteligencia Comercial / Retail (Computrabajo)
2026-07-11 00:25:46 | INFO     | ============================================================
2026-07-11 00:25:46 | INFO     | ✅ PIPELINE COMPLETADO EXITOSAMENTE
2026-07-11 00:25:46 | INFO     | ============================================================
2026-07-11 00:26:50 | INFO     | ============================================================
2026-07-11 00:26:50 | INFO     | 🏁 INICIANDO PIPELINE DE AUTOMATIZACIÓN - LABORAL AI
2026-07-11 00:26:50 | INFO     | 📅 Fecha: 2026-07-11 00:26:50
2026-07-11 00:26:50 | INFO     | ============================================================
2026-07-11 00:26:50 | INFO     | 📦 Cargando modelo base en español: es_core_news_md...
2026-07-11 00:26:51 | INFO     | ✅ AIExtractor inicializado. Etiquetas: ['REQUISITO', 'BENEFICIO', 'MODALIDAD', 'EMPRESA', 'UBICACION']
2026-07-11 00:26:51 | INFO     | 🔑 Conectando con API de Google Drive...
2026-07-11 00:26:52 | INFO     | ✅ Conectado a: 'Laboral_AI_Scraper_Data'
2026-07-11 00:26:53 | INFO     | 📋 Configuración leída de Sheets. Búsquedas activas detectadas: ['practicante', 'practicante data']
2026-07-11 00:26:53 | INFO     | ✅ BaseScraper inicializado
2026-07-11 00:26:53 | INFO     | ✅ ComputrabajoScraper inicializado con Paginación Dinámica
2026-07-11 00:26:53 | INFO     | ✅ BaseScraper inicializado
2026-07-11 00:26:53 | INFO     | ✅ LinkedInScraper inicializado
2026-07-11 00:26:53 | INFO     | 
🔎 BUSCANDO VACANTES PARA: PRACTICANTE
2026-07-11 00:26:53 | INFO     | 
📌 PROCESANDO PORTAL: Computrabajo (PRACTICANTE)
2026-07-11 00:26:53 | INFO     | ----------------------------------------
2026-07-11 00:26:53 | INFO     | 🌐 Configurando navegador Chrome...
2026-07-11 00:26:54 | INFO     | ✅ Navegador iniciado con éxito
2026-07-11 00:26:54 | INFO     | 🚀 Navegando a la URL inicial: https://pe.computrabajo.com/trabajo-de-practicante-en-lima
2026-07-11 00:26:58 | INFO     | 📄 Página 1: Detectadas 20 ofertas potenciales.
2026-07-11 00:26:58 | DEBUG    | 📦 [1/3] Abriendo pestaña: https://pe.computrabajo.com/ofertas-de-t...
2026-07-11 00:26:59 | DEBUG    | 📦 [2/3] Abriendo pestaña: https://pe.computrabajo.com/ofertas-de-t...
2026-07-11 00:27:00 | DEBUG    | 📦 [3/3] Abriendo pestaña: https://pe.computrabajo.com/ofertas-de-t...
2026-07-11 00:27:01 | INFO     | 📌 Total acumulado finalizado: 3 ofertas
2026-07-11 00:27:01 | INFO     | 🧠 Computrabajo: Procesando 3 ofertas crudas...
2026-07-11 00:27:01 | INFO     |    🔄 [1/3] Procesando...
2026-07-11 00:27:01 | DEBUG    | 🔍 Extrayendo entidades del texto...
2026-07-11 00:27:02 | INFO     | 💾 Oferta guardada exitosamente en Sheets: Practicante Profesional de Ing...
2026-07-11 00:27:02 | SUCCESS  |      ✅ Oferta indexada y guardada: Practicante Profesional de Ingeniería pa...
2026-07-11 00:27:02 | INFO     |    🔄 [2/3] Procesando...
2026-07-11 00:27:02 | DEBUG    | 🔍 Extrayendo entidades del texto...
2026-07-11 00:27:03 | INFO     | 💾 Oferta guardada exitosamente en Sheets: Practicante Profesional de Pro...
2026-07-11 00:27:03 | SUCCESS  |      ✅ Oferta indexada y guardada: Practicante Profesional de Producción - ...
2026-07-11 00:27:03 | INFO     |    🔄 [3/3] Procesando...
2026-07-11 00:27:03 | DEBUG    | 🔍 Extrayendo entidades del texto...
2026-07-11 00:27:03 | INFO     | 💾 Oferta guardada exitosamente en Sheets: practicante mecanico automotri...
2026-07-11 00:27:03 | SUCCESS  |      ✅ Oferta indexada y guardada: practicante mecanico automotriz - estudi...
2026-07-11 00:27:03 | INFO     | 
📌 PROCESANDO PORTAL: LinkedIn (PRACTICANTE)
2026-07-11 00:27:03 | INFO     | ----------------------------------------
2026-07-11 00:27:03 | WARNING  | ⚠️ El scraper de LinkedIn está en modo simulación (Falta evadir login).
2026-07-11 00:27:03 | WARNING  | ⚠️ No se obtuvieron ofertas de LinkedIn para 'practicante'
2026-07-11 00:27:03 | INFO     | 
🔎 BUSCANDO VACANTES PARA: PRACTICANTE DATA
2026-07-11 00:27:03 | INFO     | 
📌 PROCESANDO PORTAL: Computrabajo (PRACTICANTE DATA)
2026-07-11 00:27:03 | INFO     | ----------------------------------------
2026-07-11 00:27:03 | INFO     | 🚀 Navegando a la URL inicial: https://pe.computrabajo.com/trabajo-de-practicante-data-en-lima
2026-07-11 00:27:06 | INFO     | 📄 Página 1: Detectadas 20 ofertas potenciales.
2026-07-11 00:27:06 | DEBUG    | 📦 [1/3] Abriendo pestaña: https://pe.computrabajo.com/ofertas-de-t...
2026-07-11 00:27:07 | DEBUG    | 📦 [2/3] Abriendo pestaña: https://pe.computrabajo.com/ofertas-de-t...
2026-07-11 00:27:08 | DEBUG    | 📦 [3/3] Abriendo pestaña: https://pe.computrabajo.com/ofertas-de-t...
2026-07-11 00:27:09 | INFO     | 📌 Total acumulado finalizado: 3 ofertas
2026-07-11 00:27:09 | INFO     | 🧠 Computrabajo: Procesando 3 ofertas crudas...
2026-07-11 00:27:09 | INFO     |    🔄 [1/3] Procesando...
2026-07-11 00:27:09 | DEBUG    | 🔍 Extrayendo entidades del texto...
2026-07-11 00:27:10 | INFO     | 💾 Oferta guardada exitosamente en Sheets: Asistente de Reclutamiento y S...
2026-07-11 00:27:10 | SUCCESS  |      ✅ Oferta indexada y guardada: Asistente de Reclutamiento y Selección...
2026-07-11 00:27:10 | INFO     |    🔄 [2/3] Procesando...
2026-07-11 00:27:10 | DEBUG    | 🔍 Extrayendo entidades del texto...
2026-07-11 00:27:11 | INFO     | 💾 Oferta guardada exitosamente en Sheets: Practicante profesional Comerc...
2026-07-11 00:27:11 | SUCCESS  |      ✅ Oferta indexada y guardada: Practicante profesional Comercial - Lune...
2026-07-11 00:27:11 | INFO     |    🔄 [3/3] Procesando...
2026-07-11 00:27:11 | DEBUG    | 🔍 Extrayendo entidades del texto...
2026-07-11 00:27:11 | INFO     | 💾 Oferta guardada exitosamente en Sheets: Practicante de recursos humano...
2026-07-11 00:27:11 | SUCCESS  |      ✅ Oferta indexada y guardada: Practicante de recursos humanos - Con ma...
2026-07-11 00:27:11 | INFO     | 
📌 PROCESANDO PORTAL: LinkedIn (PRACTICANTE DATA)
2026-07-11 00:27:11 | INFO     | ----------------------------------------
2026-07-11 00:27:11 | WARNING  | ⚠️ El scraper de LinkedIn está en modo simulación (Falta evadir login).
2026-07-11 00:27:11 | WARNING  | ⚠️ No se obtuvieron ofertas de LinkedIn para 'practicante data'
2026-07-11 00:27:11 | INFO     | 
🔒 Cerrando conexiones de navegadores de forma segura...
2026-07-11 00:27:14 | INFO     | 🔒 Navegador cerrado de forma segura
2026-07-11 00:27:14 | INFO     | 
============================================================
2026-07-11 00:27:14 | INFO     | 📊 RESUMEN DE EJECUCIÓN TOTAL
2026-07-11 00:27:14 | INFO     | ============================================================
2026-07-11 00:27:14 | INFO     |    📌 Total ofertas extraídas y guardadas: 6
2026-07-11 00:27:14 | INFO     |    📌 Puestos/Búsquedas dinámicas leídas: 2
2026-07-11 00:27:14 | INFO     |    ⏱️  Tiempo total: 23.60 segundos
2026-07-11 00:27:14 | INFO     |    💾 Base de datos unificada en Sheets: Laboral_AI_Scraper_Data
2026-07-11 00:27:14 | INFO     | 
📋 Resumen de las últimas ofertas procesadas:
2026-07-11 00:27:14 | INFO     |    - Asistente de Reclutamiento y Selección (Computrabajo)
2026-07-11 00:27:14 | INFO     |    - Practicante profesional Comercial - Lunes a Viernes para Lurín (Computrabajo)
2026-07-11 00:27:14 | INFO     |    - Practicante de recursos humanos - Con manejo de Data Analitycs (Computrabajo)
2026-07-11 00:27:14 | INFO     | ============================================================
2026-07-11 00:27:14 | INFO     | ✅ PIPELINE COMPLETADO EXITOSAMENTE
2026-07-11 00:27:14 | INFO     | ============================================================
2026-07-11 00:31:13 | INFO     | ============================================================
2026-07-11 00:31:13 | INFO     | 🏁 INICIANDO PIPELINE DE AUTOMATIZACIÓN - LABORAL AI
2026-07-11 00:31:13 | INFO     | 📅 Fecha: 2026-07-11 00:31:13
2026-07-11 00:31:13 | INFO     | ============================================================
2026-07-11 00:31:13 | INFO     | 📦 Cargando modelo base en español: es_core_news_md...
2026-07-11 00:31:14 | INFO     | ✅ AIExtractor inicializado. Etiquetas: ['REQUISITO', 'BENEFICIO', 'MODALIDAD', 'EMPRESA', 'UBICACION']
2026-07-11 00:31:14 | INFO     | 🔑 Conectando con API de Google Drive...
2026-07-11 00:31:15 | INFO     | ✅ Conectado a: 'Laboral_AI_Scraper_Data'
2026-07-11 00:31:16 | INFO     | 📋 Configuración leída de Sheets. Búsquedas activas detectadas: ['practicante', 'practicante data']
2026-07-11 00:31:16 | INFO     | ✅ BaseScraper inicializado
2026-07-11 00:31:16 | INFO     | ✅ ComputrabajoScraper inicializado con Paginación Dinámica
2026-07-11 00:31:16 | INFO     | ✅ BaseScraper inicializado
2026-07-11 00:31:16 | INFO     | ✅ LinkedInScraper inicializado
2026-07-11 00:31:16 | INFO     | 
🔎 BUSCANDO VACANTES PARA: PRACTICANTE
2026-07-11 00:31:16 | INFO     | 
📌 PROCESANDO PORTAL: Computrabajo (PRACTICANTE)
2026-07-11 00:31:16 | INFO     | ----------------------------------------
2026-07-11 00:31:16 | INFO     | 🌐 Configurando navegador Chrome...
2026-07-11 00:31:17 | INFO     | ✅ Navegador iniciado con éxito
2026-07-11 00:31:17 | INFO     | 🚀 Navegando a la URL inicial: https://pe.computrabajo.com/trabajo-de-practicante-en-lima
2026-07-11 00:31:21 | INFO     | 📄 Página 1: Detectadas 20 ofertas potenciales.
2026-07-11 00:31:21 | DEBUG    | 📦 [1/3] Abriendo pestaña: https://pe.computrabajo.com/ofertas-de-t...
2026-07-11 00:31:22 | DEBUG    | 📦 [2/3] Abriendo pestaña: https://pe.computrabajo.com/ofertas-de-t...
2026-07-11 00:31:24 | DEBUG    | 📦 [3/3] Abriendo pestaña: https://pe.computrabajo.com/ofertas-de-t...
2026-07-11 00:31:25 | INFO     | 📌 Total acumulado finalizado: 3 ofertas
2026-07-11 00:31:25 | INFO     | 🧠 Computrabajo: Procesando 3 ofertas crudas...
2026-07-11 00:31:25 | INFO     |    🔄 [1/3] Procesando...
2026-07-11 00:31:25 | DEBUG    | 🔍 Extrayendo entidades del texto...
2026-07-11 00:31:25 | INFO     | 💾 Oferta guardada exitosamente en Sheets: Practicante Profesional de Sel...
2026-07-11 00:31:25 | SUCCESS  |      ✅ Oferta indexada y guardada: Practicante Profesional de Selección ,Ar...
2026-07-11 00:31:25 | INFO     |    🔄 [2/3] Procesando...
2026-07-11 00:31:25 | DEBUG    | 🔍 Extrayendo entidades del texto...
2026-07-11 00:31:26 | INFO     | 💾 Oferta guardada exitosamente en Sheets: Practicante Profesional Comerc...
2026-07-11 00:31:26 | SUCCESS  |      ✅ Oferta indexada y guardada: Practicante Profesional Comercial...
2026-07-11 00:31:26 | INFO     |    🔄 [3/3] Procesando...
2026-07-11 00:31:26 | DEBUG    | 🔍 Extrayendo entidades del texto...
2026-07-11 00:31:27 | INFO     | 💾 Oferta guardada exitosamente en Sheets: Practicante profesional de Ser...
2026-07-11 00:31:27 | SUCCESS  |      ✅ Oferta indexada y guardada: Practicante profesional de Servicios gen...
2026-07-11 00:31:27 | INFO     | 
📌 PROCESANDO PORTAL: LinkedIn (PRACTICANTE)
2026-07-11 00:31:27 | INFO     | ----------------------------------------
2026-07-11 00:31:27 | WARNING  | ⚠️ El scraper de LinkedIn está en modo simulación (Falta evadir login).
2026-07-11 00:31:27 | WARNING  | ⚠️ No se obtuvieron ofertas de LinkedIn para 'practicante'
2026-07-11 00:31:27 | INFO     | 
🔎 BUSCANDO VACANTES PARA: PRACTICANTE DATA
2026-07-11 00:31:27 | INFO     | 
📌 PROCESANDO PORTAL: Computrabajo (PRACTICANTE DATA)
2026-07-11 00:31:27 | INFO     | ----------------------------------------
2026-07-11 00:31:27 | INFO     | 🚀 Navegando a la URL inicial: https://pe.computrabajo.com/trabajo-de-practicante-data-en-lima
2026-07-11 00:31:29 | INFO     | 📄 Página 1: Detectadas 20 ofertas potenciales.
2026-07-11 00:31:29 | DEBUG    | 📦 [1/3] Abriendo pestaña: https://pe.computrabajo.com/ofertas-de-t...
2026-07-11 00:31:30 | DEBUG    | 📦 [2/3] Abriendo pestaña: https://pe.computrabajo.com/ofertas-de-t...
2026-07-11 00:31:32 | DEBUG    | 📦 [3/3] Abriendo pestaña: https://pe.computrabajo.com/ofertas-de-t...
2026-07-11 00:31:33 | INFO     | 📌 Total acumulado finalizado: 3 ofertas
2026-07-11 00:31:33 | INFO     | 🧠 Computrabajo: Procesando 3 ofertas crudas...
2026-07-11 00:31:33 | INFO     |    🔄 [1/3] Procesando...
2026-07-11 00:31:33 | DEBUG    | 🔍 Extrayendo entidades del texto...
2026-07-11 00:31:34 | INFO     | 💾 Oferta guardada exitosamente en Sheets: Practicante Profesional de Dis...
2026-07-11 00:31:34 | SUCCESS  |      ✅ Oferta indexada y guardada: Practicante Profesional de Distribución ...
2026-07-11 00:31:34 | INFO     |    🔄 [2/3] Procesando...
2026-07-11 00:31:34 | DEBUG    | 🔍 Extrayendo entidades del texto...
2026-07-11 00:31:34 | INFO     | 💾 Oferta guardada exitosamente en Sheets: Asistente de Reclutamiento y S...
2026-07-11 00:31:34 | SUCCESS  |      ✅ Oferta indexada y guardada: Asistente de Reclutamiento y Selección...
2026-07-11 00:31:34 | INFO     |    🔄 [3/3] Procesando...
2026-07-11 00:31:34 | DEBUG    | 🔍 Extrayendo entidades del texto...
2026-07-11 00:31:35 | INFO     | 💾 Oferta guardada exitosamente en Sheets: Practicante Profesional de aná...
2026-07-11 00:31:35 | SUCCESS  |      ✅ Oferta indexada y guardada: Practicante Profesional de análisis de d...
2026-07-11 00:31:35 | INFO     | 
📌 PROCESANDO PORTAL: LinkedIn (PRACTICANTE DATA)
2026-07-11 00:31:35 | INFO     | ----------------------------------------
2026-07-11 00:31:35 | WARNING  | ⚠️ El scraper de LinkedIn está en modo simulación (Falta evadir login).
2026-07-11 00:31:35 | WARNING  | ⚠️ No se obtuvieron ofertas de LinkedIn para 'practicante data'
2026-07-11 00:31:35 | INFO     | 
🔒 Cerrando conexiones de navegadores de forma segura...
2026-07-11 00:31:37 | INFO     | 🔒 Navegador cerrado de forma segura
2026-07-11 00:31:37 | INFO     | 
============================================================
2026-07-11 00:31:37 | INFO     | 📊 RESUMEN DE EJECUCIÓN TOTAL
2026-07-11 00:31:37 | INFO     | ============================================================
2026-07-11 00:31:37 | INFO     |    📌 Total ofertas extraídas y guardadas: 6
2026-07-11 00:31:37 | INFO     |    📌 Puestos/Búsquedas dinámicas leídas: 2
2026-07-11 00:31:37 | INFO     |    ⏱️  Tiempo total: 24.47 segundos
2026-07-11 00:31:37 | INFO     |    💾 Base de datos unificada en Sheets: Laboral_AI_Scraper_Data
2026-07-11 00:31:37 | INFO     | 
📋 Resumen de las últimas ofertas procesadas:
2026-07-11 00:31:37 | INFO     |    - Practicante Profesional de Distribución - Logística /Los Olivos (Computrabajo)
2026-07-11 00:31:37 | INFO     |    - Asistente de Reclutamiento y Selección (Computrabajo)
2026-07-11 00:31:37 | INFO     |    - Practicante Profesional de análisis de datos para área de facturación (Computrabajo)
2026-07-11 00:31:37 | INFO     | ============================================================
2026-07-11 00:31:37 | INFO     | ✅ PIPELINE COMPLETADO EXITOSAMENTE
2026-07-11 00:31:37 | INFO     | ============================================================
2026-07-11 00:33:39 | INFO     | ============================================================
2026-07-11 00:33:39 | INFO     | 🏁 INICIANDO PIPELINE DE AUTOMATIZACIÓN - LABORAL AI
2026-07-11 00:33:39 | INFO     | 📅 Fecha: 2026-07-11 00:33:39
2026-07-11 00:33:39 | INFO     | ============================================================
2026-07-11 00:33:39 | INFO     | 📦 Cargando modelo base en español: es_core_news_md...
2026-07-11 00:33:40 | INFO     | ✅ AIExtractor inicializado. Etiquetas: ['REQUISITO', 'BENEFICIO', 'MODALIDAD', 'EMPRESA', 'UBICACION']
2026-07-11 00:33:40 | INFO     | 🔑 Conectando con API de Google Drive...
2026-07-11 00:33:41 | INFO     | ✅ Conectado a: 'Laboral_AI_Scraper_Data'
2026-07-11 00:33:42 | INFO     | 📋 Configuración leída de Sheets. Búsquedas activas detectadas: ['practicante datos', 'practicante data']
2026-07-11 00:33:42 | INFO     | ✅ BaseScraper inicializado
2026-07-11 00:33:42 | INFO     | ✅ ComputrabajoScraper inicializado con Paginación Dinámica
2026-07-11 00:33:42 | INFO     | ✅ BaseScraper inicializado
2026-07-11 00:33:42 | INFO     | ✅ LinkedInScraper inicializado
2026-07-11 00:33:42 | INFO     | 
🔎 BUSCANDO VACANTES PARA: PRACTICANTE DATOS
2026-07-11 00:33:42 | INFO     | 
📌 PROCESANDO PORTAL: Computrabajo (PRACTICANTE DATOS)
2026-07-11 00:33:42 | INFO     | ----------------------------------------
2026-07-11 00:33:42 | INFO     | 🌐 Configurando navegador Chrome...
2026-07-11 00:33:43 | INFO     | ✅ Navegador iniciado con éxito
2026-07-11 00:33:43 | INFO     | 🚀 Navegando a la URL inicial: https://pe.computrabajo.com/trabajo-de-practicante-datos-en-lima
2026-07-11 00:33:48 | INFO     | 📄 Página 1: Detectadas 20 ofertas potenciales.
2026-07-11 00:33:48 | DEBUG    | 📦 [1/3] Abriendo pestaña: https://pe.computrabajo.com/ofertas-de-t...
2026-07-11 00:33:49 | DEBUG    | 📦 [2/3] Abriendo pestaña: https://pe.computrabajo.com/ofertas-de-t...
2026-07-11 00:33:50 | DEBUG    | 📦 [3/3] Abriendo pestaña: https://pe.computrabajo.com/ofertas-de-t...
2026-07-11 00:33:51 | INFO     | 📌 Total acumulado finalizado: 3 ofertas
2026-07-11 00:33:51 | INFO     | 🧠 Computrabajo: Procesando 3 ofertas crudas...
2026-07-11 00:33:51 | INFO     |    🔄 [1/3] Procesando...
2026-07-11 00:33:51 | DEBUG    | 🔍 Extrayendo entidades del texto...
2026-07-11 00:33:52 | INFO     | 💾 Oferta guardada exitosamente en Sheets: Practicante Pre Profesional de...
2026-07-11 00:33:52 | SUCCESS  |      ✅ Oferta indexada y guardada: Practicante Pre Profesional de Cumplimie...
2026-07-11 00:33:52 | INFO     |    🔄 [2/3] Procesando...
2026-07-11 00:33:52 | DEBUG    | 🔍 Extrayendo entidades del texto...
2026-07-11 00:33:53 | INFO     | 💾 Oferta guardada exitosamente en Sheets: Practicante de arquitectura - ...
2026-07-11 00:33:53 | SUCCESS  |      ✅ Oferta indexada y guardada: Practicante de arquitectura - presencial...
2026-07-11 00:33:53 | INFO     |    🔄 [3/3] Procesando...
2026-07-11 00:33:53 | DEBUG    | 🔍 Extrayendo entidades del texto...
2026-07-11 00:33:53 | INFO     | 💾 Oferta guardada exitosamente en Sheets: Practicante Profesional de Con...
2026-07-11 00:33:53 | SUCCESS  |      ✅ Oferta indexada y guardada: Practicante Profesional de Control Opera...
2026-07-11 00:33:53 | INFO     | 
📌 PROCESANDO PORTAL: LinkedIn (PRACTICANTE DATOS)
2026-07-11 00:33:53 | INFO     | ----------------------------------------
2026-07-11 00:33:53 | WARNING  | ⚠️ El scraper de LinkedIn está en modo simulación (Falta evadir login).
2026-07-11 00:33:53 | WARNING  | ⚠️ No se obtuvieron ofertas de LinkedIn para 'practicante datos'
2026-07-11 00:33:53 | INFO     | 
🔎 BUSCANDO VACANTES PARA: PRACTICANTE DATA
2026-07-11 00:33:53 | INFO     | 
📌 PROCESANDO PORTAL: Computrabajo (PRACTICANTE DATA)
2026-07-11 00:33:53 | INFO     | ----------------------------------------
2026-07-11 00:33:53 | INFO     | 🚀 Navegando a la URL inicial: https://pe.computrabajo.com/trabajo-de-practicante-data-en-lima
2026-07-11 00:33:56 | INFO     | 📄 Página 1: Detectadas 20 ofertas potenciales.
2026-07-11 00:33:56 | DEBUG    | 📦 [1/3] Abriendo pestaña: https://pe.computrabajo.com/ofertas-de-t...
2026-07-11 00:33:57 | DEBUG    | 📦 [2/3] Abriendo pestaña: https://pe.computrabajo.com/ofertas-de-t...
2026-07-11 00:33:58 | DEBUG    | 📦 [3/3] Abriendo pestaña: https://pe.computrabajo.com/ofertas-de-t...
2026-07-11 00:33:59 | INFO     | 📌 Total acumulado finalizado: 3 ofertas
2026-07-11 00:33:59 | INFO     | 🧠 Computrabajo: Procesando 3 ofertas crudas...
2026-07-11 00:33:59 | INFO     |    🔄 [1/3] Procesando...
2026-07-11 00:33:59 | DEBUG    | 🔍 Extrayendo entidades del texto...
2026-07-11 00:34:00 | INFO     | 💾 Oferta guardada exitosamente en Sheets: Auxiliar contable // Part Time...
2026-07-11 00:34:00 | SUCCESS  |      ✅ Oferta indexada y guardada: Auxiliar contable // Part Time - Miraflo...
2026-07-11 00:34:00 | INFO     |    🔄 [2/3] Procesando...
2026-07-11 00:34:00 | DEBUG    | 🔍 Extrayendo entidades del texto...
2026-07-11 00:34:01 | INFO     | 💾 Oferta guardada exitosamente en Sheets: Practicante de Selección/Licit...
2026-07-11 00:34:01 | SUCCESS  |      ✅ Oferta indexada y guardada: Practicante de Selección/Licitaciones - ...
2026-07-11 00:34:01 | INFO     |    🔄 [3/3] Procesando...
2026-07-11 00:34:01 | DEBUG    | 🔍 Extrayendo entidades del texto...
2026-07-11 00:34:01 | INFO     | 💾 Oferta guardada exitosamente en Sheets: Analista Jr de Data Analytics...
2026-07-11 00:34:01 | SUCCESS  |      ✅ Oferta indexada y guardada: Analista Jr de Data Analytics...
2026-07-11 00:34:01 | INFO     | 
📌 PROCESANDO PORTAL: LinkedIn (PRACTICANTE DATA)
2026-07-11 00:34:01 | INFO     | ----------------------------------------
2026-07-11 00:34:01 | WARNING  | ⚠️ El scraper de LinkedIn está en modo simulación (Falta evadir login).
2026-07-11 00:34:01 | WARNING  | ⚠️ No se obtuvieron ofertas de LinkedIn para 'practicante data'
2026-07-11 00:34:01 | INFO     | 
🔒 Cerrando conexiones de navegadores de forma segura...
2026-07-11 00:34:04 | INFO     | 🔒 Navegador cerrado de forma segura
2026-07-11 00:34:04 | INFO     | 
============================================================
2026-07-11 00:34:04 | INFO     | 📊 RESUMEN DE EJECUCIÓN TOTAL
2026-07-11 00:34:04 | INFO     | ============================================================
2026-07-11 00:34:04 | INFO     |    📌 Total ofertas extraídas y guardadas: 6
2026-07-11 00:34:04 | INFO     |    📌 Puestos/Búsquedas dinámicas leídas: 2
2026-07-11 00:34:04 | INFO     |    ⏱️  Tiempo total: 24.46 segundos
2026-07-11 00:34:04 | INFO     |    💾 Base de datos unificada en Sheets: Laboral_AI_Scraper_Data
2026-07-11 00:34:04 | INFO     | 
📋 Resumen de las últimas ofertas procesadas:
2026-07-11 00:34:04 | INFO     |    - Auxiliar contable // Part Time - Miraflores (Computrabajo)
2026-07-11 00:34:04 | INFO     |    - Practicante de Selección/Licitaciones - Modalidad Hibrida (Computrabajo)
2026-07-11 00:34:04 | INFO     |    - Analista Jr de Data Analytics (Computrabajo)
2026-07-11 00:34:04 | INFO     | ============================================================
2026-07-11 00:34:04 | INFO     | ✅ PIPELINE COMPLETADO EXITOSAMENTE
2026-07-11 00:34:04 | INFO     | ============================================================
2026-07-11 00:37:08 | INFO     | ============================================================
2026-07-11 00:37:08 | INFO     | 🏁 INICIANDO PIPELINE DE AUTOMATIZACIÓN - LABORAL AI
2026-07-11 00:37:08 | INFO     | 📅 Fecha: 2026-07-11 00:37:08
2026-07-11 00:37:08 | INFO     | ============================================================
2026-07-11 00:37:08 | INFO     | 📦 Cargando modelo base en español: es_core_news_md...
2026-07-11 00:37:09 | INFO     | ✅ AIExtractor inicializado. Etiquetas: ['REQUISITO', 'BENEFICIO', 'MODALIDAD', 'EMPRESA', 'UBICACION']
2026-07-11 00:37:09 | INFO     | 🔑 Conectando con API de Google Drive...
2026-07-11 00:37:10 | INFO     | ✅ Conectado a: 'Laboral_AI_Scraper_Data'
2026-07-11 00:37:11 | INFO     | 📋 Configuración leída de Sheets. Búsquedas activas detectadas: ['practicante datos', 'practicante data']
2026-07-11 00:37:11 | INFO     | ✅ BaseScraper inicializado
2026-07-11 00:37:11 | INFO     | ✅ ComputrabajoScraper inicializado con Paginación Dinámica
2026-07-11 00:37:11 | INFO     | ✅ BaseScraper inicializado
2026-07-11 00:37:11 | INFO     | ✅ LinkedInScraper inicializado
2026-07-11 00:37:11 | INFO     | 
🔎 BUSCANDO VACANTES PARA: PRACTICANTE DATOS
2026-07-11 00:37:11 | INFO     | 
📌 PROCESANDO PORTAL: Computrabajo (PRACTICANTE DATOS)
2026-07-11 00:37:11 | INFO     | ----------------------------------------
2026-07-11 00:37:11 | INFO     | 🌐 Configurando navegador Chrome...
2026-07-11 00:37:12 | INFO     | ✅ Navegador iniciado con éxito
2026-07-11 00:37:12 | INFO     | 🚀 Navegando a la URL inicial: https://pe.computrabajo.com/trabajo-de-practicante-datos-en-lima
2026-07-11 00:37:15 | INFO     | 📄 Página 1: Detectadas 20 ofertas potenciales.
2026-07-11 00:37:15 | DEBUG    | 📦 [1/3] Abriendo pestaña: https://pe.computrabajo.com/ofertas-de-t...
2026-07-11 00:37:16 | DEBUG    | 📦 [2/3] Abriendo pestaña: https://pe.computrabajo.com/ofertas-de-t...
2026-07-11 00:37:17 | DEBUG    | 📦 [3/3] Abriendo pestaña: https://pe.computrabajo.com/ofertas-de-t...
2026-07-11 00:37:18 | INFO     | 📌 Total acumulado finalizado: 3 ofertas
2026-07-11 00:37:18 | INFO     | 🧠 Computrabajo: Procesando 3 ofertas crudas...
2026-07-11 00:37:18 | INFO     |    🔄 [1/3] Procesando...
2026-07-11 00:37:18 | DEBUG    | 🔍 Extrayendo entidades del texto...
2026-07-11 00:37:19 | INFO     | 💾 Oferta guardada exitosamente en Sheets: Practicante de arquitectura - ...
2026-07-11 00:37:19 | SUCCESS  |      ✅ Oferta indexada y guardada: Practicante de arquitectura - presencial...
2026-07-11 00:37:19 | INFO     |    🔄 [2/3] Procesando...
2026-07-11 00:37:19 | DEBUG    | 🔍 Extrayendo entidades del texto...
2026-07-11 00:37:20 | INFO     | 💾 Oferta guardada exitosamente en Sheets: Practicante Profesional, Ssoma...
2026-07-11 00:37:20 | SUCCESS  |      ✅ Oferta indexada y guardada: Practicante Profesional, Ssoma, Ing. Ind...
2026-07-11 00:37:20 | INFO     |    🔄 [3/3] Procesando...
2026-07-11 00:37:20 | DEBUG    | 🔍 Extrayendo entidades del texto...
2026-07-11 00:37:21 | INFO     | 💾 Oferta guardada exitosamente en Sheets: Practicante de logística...
2026-07-11 00:37:21 | SUCCESS  |      ✅ Oferta indexada y guardada: Practicante de logística...
2026-07-11 00:37:21 | INFO     | 
📌 PROCESANDO PORTAL: LinkedIn (PRACTICANTE DATOS)
2026-07-11 00:37:21 | INFO     | ----------------------------------------
2026-07-11 00:37:21 | WARNING  | ⚠️ El scraper de LinkedIn está en modo simulación (Falta evadir login).
2026-07-11 00:37:21 | WARNING  | ⚠️ No se obtuvieron ofertas de LinkedIn para 'practicante datos'
2026-07-11 00:37:21 | INFO     | 
🔎 BUSCANDO VACANTES PARA: PRACTICANTE DATA
2026-07-11 00:37:21 | INFO     | 
📌 PROCESANDO PORTAL: Computrabajo (PRACTICANTE DATA)
2026-07-11 00:37:21 | INFO     | ----------------------------------------
2026-07-11 00:37:21 | INFO     | 🚀 Navegando a la URL inicial: https://pe.computrabajo.com/trabajo-de-practicante-data-en-lima
2026-07-11 00:37:23 | INFO     | 📄 Página 1: Detectadas 20 ofertas potenciales.
2026-07-11 00:37:23 | DEBUG    | 📦 [1/3] Abriendo pestaña: https://pe.computrabajo.com/ofertas-de-t...
2026-07-11 00:37:25 | DEBUG    | 📦 [2/3] Abriendo pestaña: https://pe.computrabajo.com/ofertas-de-t...
2026-07-11 00:37:26 | DEBUG    | 📦 [3/3] Abriendo pestaña: https://pe.computrabajo.com/ofertas-de-t...
2026-07-11 00:37:27 | INFO     | 📌 Total acumulado finalizado: 3 ofertas
2026-07-11 00:37:27 | INFO     | 🧠 Computrabajo: Procesando 3 ofertas crudas...
2026-07-11 00:37:27 | INFO     |    🔄 [1/3] Procesando...
2026-07-11 00:37:27 | DEBUG    | 🔍 Extrayendo entidades del texto...
2026-07-11 00:37:28 | INFO     | 💾 Oferta guardada exitosamente en Sheets: Asistente de Productividad y d...
2026-07-11 00:37:28 | SUCCESS  |      ✅ Oferta indexada y guardada: Asistente de Productividad y data analyt...
2026-07-11 00:37:28 | INFO     |    🔄 [2/3] Procesando...
2026-07-11 00:37:28 | DEBUG    | 🔍 Extrayendo entidades del texto...
2026-07-11 00:37:29 | INFO     | 💾 Oferta guardada exitosamente en Sheets: Auxiliar contable // Part Time...
2026-07-11 00:37:29 | SUCCESS  |      ✅ Oferta indexada y guardada: Auxiliar contable // Part Time - Miraflo...
2026-07-11 00:37:29 | INFO     |    🔄 [3/3] Procesando...
2026-07-11 00:37:29 | DEBUG    | 🔍 Extrayendo entidades del texto...
2026-07-11 00:37:30 | INFO     | 💾 Oferta guardada exitosamente en Sheets: Practicante profesional de aná...
2026-07-11 00:37:30 | SUCCESS  |      ✅ Oferta indexada y guardada: Practicante profesional de análisis de d...
2026-07-11 00:37:30 | INFO     | 
📌 PROCESANDO PORTAL: LinkedIn (PRACTICANTE DATA)
2026-07-11 00:37:30 | INFO     | ----------------------------------------
2026-07-11 00:37:30 | WARNING  | ⚠️ El scraper de LinkedIn está en modo simulación (Falta evadir login).
2026-07-11 00:37:30 | WARNING  | ⚠️ No se obtuvieron ofertas de LinkedIn para 'practicante data'
2026-07-11 00:37:30 | INFO     | 
🔒 Cerrando conexiones de navegadores de forma segura...
2026-07-11 00:37:32 | INFO     | 🔒 Navegador cerrado de forma segura
2026-07-11 00:37:32 | INFO     | 
============================================================
2026-07-11 00:37:32 | INFO     | 📊 RESUMEN DE EJECUCIÓN TOTAL
2026-07-11 00:37:32 | INFO     | ============================================================
2026-07-11 00:37:32 | INFO     |    📌 Total ofertas extraídas y guardadas: 6
2026-07-11 00:37:32 | INFO     |    📌 Puestos/Búsquedas dinámicas leídas: 2
2026-07-11 00:37:32 | INFO     |    ⏱️  Tiempo total: 24.05 segundos
2026-07-11 00:37:32 | INFO     |    💾 Base de datos unificada en Sheets: Laboral_AI_Scraper_Data
2026-07-11 00:37:32 | INFO     | 
📋 Resumen de las últimas ofertas procesadas:
2026-07-11 00:37:32 | INFO     |    - Asistente de Productividad y data analytics (Computrabajo)
2026-07-11 00:37:32 | INFO     |    - Auxiliar contable // Part Time - Miraflores (Computrabajo)
2026-07-11 00:37:32 | INFO     |    - Practicante profesional de análisis de datos - Área de facturación (Computrabajo)
2026-07-11 00:37:32 | INFO     | ============================================================
2026-07-11 00:37:32 | INFO     | ✅ PIPELINE COMPLETADO EXITOSAMENTE
2026-07-11 00:37:32 | INFO     | ============================================================
2026-07-11 00:41:12 | INFO     | ============================================================
2026-07-11 00:41:12 | INFO     | 🏁 INICIANDO PIPELINE DE AUTOMATIZACIÓN - LABORAL AI
2026-07-11 00:41:12 | INFO     | 📅 Fecha: 2026-07-11 00:41:12
2026-07-11 00:41:12 | INFO     | ============================================================
2026-07-11 00:41:12 | INFO     | 📦 Cargando modelo base en español: es_core_news_md...
2026-07-11 00:41:12 | INFO     | ✅ AIExtractor inicializado. Etiquetas: ['REQUISITO', 'BENEFICIO', 'MODALIDAD', 'EMPRESA', 'UBICACION']
2026-07-11 00:41:12 | INFO     | 🔑 Conectando con API de Google Drive...
2026-07-11 00:41:14 | INFO     | ✅ Conectado a: 'Laboral_AI_Scraper_Data'
2026-07-11 00:41:14 | INFO     | 📋 Configuración leída de Sheets. Búsquedas activas detectadas: ['practicante datos', 'practicante data']
2026-07-11 00:41:14 | INFO     | ✅ BaseScraper inicializado
2026-07-11 00:41:14 | INFO     | ✅ ComputrabajoScraper inicializado con Paginación Dinámica
2026-07-11 00:41:14 | INFO     | ✅ BaseScraper inicializado
2026-07-11 00:41:14 | INFO     | ✅ LinkedInScraper inicializado
2026-07-11 00:41:14 | INFO     | 
🔎 BUSCANDO VACANTES PARA: PRACTICANTE DATOS
2026-07-11 00:41:14 | INFO     | 
📌 PROCESANDO PORTAL: Computrabajo (PRACTICANTE DATOS)
2026-07-11 00:41:14 | INFO     | ----------------------------------------
2026-07-11 00:41:14 | INFO     | 🌐 Configurando navegador Chrome...
2026-07-11 00:41:15 | INFO     | ✅ Navegador iniciado con éxito
2026-07-11 00:41:15 | INFO     | 🚀 Navegando a la URL inicial: https://pe.computrabajo.com/trabajo-de-practicante-datos-en-lima
2026-07-11 00:41:20 | INFO     | 📄 Página 1: Detectadas 20 ofertas potenciales ordenadas por relevancia.
2026-07-11 00:41:20 | DEBUG    | 📦 [1/3] Abriendo pestaña: https://pe.computrabajo.com/ofertas-de-t...
2026-07-11 00:41:21 | DEBUG    | 📦 [2/3] Abriendo pestaña: https://pe.computrabajo.com/ofertas-de-t...
2026-07-11 00:41:22 | DEBUG    | 📦 [3/3] Abriendo pestaña: https://pe.computrabajo.com/ofertas-de-t...
2026-07-11 00:41:23 | INFO     | 📌 Total acumulado finalizado: 3 ofertas
2026-07-11 00:41:23 | INFO     | 🧠 Computrabajo: Procesando 3 ofertas crudas...
2026-07-11 00:41:23 | INFO     |    🔄 [1/3] Procesando...
2026-07-11 00:41:23 | DEBUG    | 🔍 Extrayendo entidades del texto...
2026-07-11 00:41:24 | INFO     | 💾 Oferta guardada exitosamente en Sheets: Practicante de recursos humano...
2026-07-11 00:41:24 | SUCCESS  |      ✅ Oferta indexada y guardada: Practicante de recursos humanos - Con ma...
2026-07-11 00:41:24 | INFO     |    🔄 [2/3] Procesando...
2026-07-11 00:41:24 | DEBUG    | 🔍 Extrayendo entidades del texto...
2026-07-11 00:41:25 | INFO     | 💾 Oferta guardada exitosamente en Sheets: Practicante Profesional de TI/...
2026-07-11 00:41:25 | SUCCESS  |      ✅ Oferta indexada y guardada: Practicante Profesional de TI/Base de Da...
2026-07-11 00:41:25 | INFO     |    🔄 [3/3] Procesando...
2026-07-11 00:41:25 | DEBUG    | 🔍 Extrayendo entidades del texto...
2026-07-11 00:41:25 | INFO     | 💾 Oferta guardada exitosamente en Sheets: Practicante Pre Profesional de...
2026-07-11 00:41:25 | SUCCESS  |      ✅ Oferta indexada y guardada: Practicante Pre Profesional de Data Anal...
2026-07-11 00:41:25 | INFO     | 
📌 PROCESANDO PORTAL: LinkedIn (PRACTICANTE DATOS)
2026-07-11 00:41:25 | INFO     | ----------------------------------------
2026-07-11 00:41:25 | WARNING  | ⚠️ El scraper de LinkedIn está en modo simulación (Falta evadir login).
2026-07-11 00:41:25 | WARNING  | ⚠️ No se obtuvieron ofertas de LinkedIn para 'practicante datos'
2026-07-11 00:41:25 | INFO     | 
🔎 BUSCANDO VACANTES PARA: PRACTICANTE DATA
2026-07-11 00:41:25 | INFO     | 
📌 PROCESANDO PORTAL: Computrabajo (PRACTICANTE DATA)
2026-07-11 00:41:25 | INFO     | ----------------------------------------
2026-07-11 00:41:25 | INFO     | 🚀 Navegando a la URL inicial: https://pe.computrabajo.com/trabajo-de-practicante-data-en-lima
2026-07-11 00:41:28 | INFO     | 📄 Página 1: Detectadas 20 ofertas potenciales ordenadas por relevancia.
2026-07-11 00:41:28 | DEBUG    | 📦 [1/3] Abriendo pestaña: https://pe.computrabajo.com/ofertas-de-t...
2026-07-11 00:41:29 | DEBUG    | 📦 [2/3] Abriendo pestaña: https://pe.computrabajo.com/ofertas-de-t...
2026-07-11 00:41:30 | DEBUG    | 📦 [3/3] Abriendo pestaña: https://pe.computrabajo.com/ofertas-de-t...
2026-07-11 00:41:31 | INFO     | 📌 Total acumulado finalizado: 3 ofertas
2026-07-11 00:41:31 | INFO     | 🧠 Computrabajo: Procesando 3 ofertas crudas...
2026-07-11 00:41:31 | INFO     |    🔄 [1/3] Procesando...
2026-07-11 00:41:31 | DEBUG    | 🔍 Extrayendo entidades del texto...
2026-07-11 00:41:32 | INFO     | 💾 Oferta guardada exitosamente en Sheets: Practicante de recursos humano...
2026-07-11 00:41:32 | SUCCESS  |      ✅ Oferta indexada y guardada: Practicante de recursos humanos - Con ma...
2026-07-11 00:41:32 | INFO     |    🔄 [2/3] Procesando...
2026-07-11 00:41:32 | DEBUG    | 🔍 Extrayendo entidades del texto...
2026-07-11 00:41:33 | INFO     | 💾 Oferta guardada exitosamente en Sheets: Practicante Profesional de TI/...
2026-07-11 00:41:33 | SUCCESS  |      ✅ Oferta indexada y guardada: Practicante Profesional de TI/Base de Da...
2026-07-11 00:41:33 | INFO     |    🔄 [3/3] Procesando...
2026-07-11 00:41:33 | DEBUG    | 🔍 Extrayendo entidades del texto...
2026-07-11 00:41:33 | INFO     | 💾 Oferta guardada exitosamente en Sheets: Practicante Pre Profesional de...
2026-07-11 00:41:33 | SUCCESS  |      ✅ Oferta indexada y guardada: Practicante Pre Profesional de Data Anal...
2026-07-11 00:41:33 | INFO     | 
📌 PROCESANDO PORTAL: LinkedIn (PRACTICANTE DATA)
2026-07-11 00:41:33 | INFO     | ----------------------------------------
2026-07-11 00:41:33 | WARNING  | ⚠️ El scraper de LinkedIn está en modo simulación (Falta evadir login).
2026-07-11 00:41:33 | WARNING  | ⚠️ No se obtuvieron ofertas de LinkedIn para 'practicante data'
2026-07-11 00:41:33 | INFO     | 
🔒 Cerrando conexiones de navegadores de forma segura...
2026-07-11 00:41:36 | INFO     | 🔒 Navegador cerrado de forma segura
2026-07-11 00:41:36 | INFO     | 
============================================================
2026-07-11 00:41:36 | INFO     | 📊 RESUMEN DE EJECUCIÓN TOTAL
2026-07-11 00:41:36 | INFO     | ============================================================
2026-07-11 00:41:36 | INFO     |    📌 Total ofertas extraídas y guardadas: 6
2026-07-11 00:41:36 | INFO     |    📌 Puestos/Búsquedas dinámicas leídas: 2
2026-07-11 00:41:36 | INFO     |    ⏱️  Tiempo total: 24.23 segundos
2026-07-11 00:41:36 | INFO     |    💾 Base de datos unificada en Sheets: Laboral_AI_Scraper_Data
2026-07-11 00:41:36 | INFO     | 
📋 Resumen de las últimas ofertas procesadas:
2026-07-11 00:41:36 | INFO     |    - Practicante de recursos humanos - Con manejo de Data Analitycs (Computrabajo)
2026-07-11 00:41:36 | INFO     |    - Practicante Profesional de TI/Base de Datos (Computrabajo)
2026-07-11 00:41:36 | INFO     |    - Practicante Pre Profesional de Data Analytics (Computrabajo)
2026-07-11 00:41:36 | INFO     | ============================================================
2026-07-11 00:41:36 | INFO     | ✅ PIPELINE COMPLETADO EXITOSAMENTE
2026-07-11 00:41:36 | INFO     | ============================================================
